# usbstore session log -- private, do not redistribute
# rotated automatically on eject
2026-05-17T12:21:27Z session=97afda07 op=flush  lun=0 lba=9485826 blocks=4 sha=d8c47f057a67f85e
2026-05-17T12:58:52Z session=5f930160 op=flush  lun=0 lba=9485106 blocks=4 sha=635224892ef8b68b
2026-05-17T12:15:36Z session=11907628 op=write  lun=0 lba=9485991 blocks=8 sha=86d47acb52f1b3cf
2026-05-17T12:16:47Z session=d9435ca1 op=write  lun=0 lba=9485399 blocks=8 sha=1a415a56aef76d33
2026-05-17T12:44:45Z session=b47d09c6 op=verify lun=0 lba=9485239 blocks=8 sha=ebde034edac03dc2
2026-05-17T12:56:04Z session=438249f8 op=verify lun=0 lba=9485103 blocks=2 sha=374ec248bf46dc70
2026-05-17T12:09:16Z session=98264817 op=verify lun=0 lba=9485227 blocks=2 sha=9b0a782f3e109bc7
2026-05-17T12:32:42Z session=7b097fdc op=verify lun=0 lba=9486166 blocks=2 sha=ddf8725b992ea1f6
2026-05-17T12:12:38Z session=db5f89aa op=trim   lun=0 lba=9485481 blocks=4 sha=d094f41c76e070d6
2026-05-17T12:01:10Z session=23d0cbb8 op=flush  lun=0 lba=9486071 blocks=8 sha=f789b36bab857e87
2026-05-17T12:00:09Z session=36d392ef op=verify lun=0 lba=9485378 blocks=8 sha=b63d325ebe4532f9
2026-05-17T12:03:07Z session=d6eb878f op=verify lun=0 lba=9485498 blocks=2 sha=d0873d4092b6e5da
2026-05-17T12:36:18Z session=d16acce6 op=flush  lun=0 lba=9485568 blocks=2 sha=766ff7139526ac43
2026-05-17T12:56:12Z session=1cfb465d op=read   lun=0 lba=9485606 blocks=4 sha=627b8c83334dd43f
2026-05-17T12:32:24Z session=a11619b2 op=flush  lun=0 lba=9486028 blocks=1 sha=3d1d7cf91e85fade
2026-05-17T12:41:42Z session=e76e963d op=verify lun=0 lba=9485351 blocks=1 sha=a8e080350f27eb41
2026-05-17T12:35:17Z session=eefac4a0 op=write  lun=0 lba=9486214 blocks=1 sha=7dcb92579c4978f3
2026-05-17T12:52:35Z session=52a70f13 op=flush  lun=0 lba=9485909 blocks=1 sha=2df52cec7a59f802
2026-05-17T12:17:24Z session=aaef2434 op=trim   lun=0 lba=9486260 blocks=4 sha=d04c79bb69b04fd8
2026-05-17T12:12:15Z session=56f1b8b4 op=read   lun=0 lba=9486239 blocks=8 sha=563009a2d240efc5
2026-05-17T12:02:27Z session=d0d1d0d6 op=verify lun=0 lba=9485858 blocks=4 sha=b8e497e472421bef
2026-05-17T12:57:15Z session=254f2fdd op=read   lun=0 lba=9485874 blocks=2 sha=6646476f3d9f2b58
2026-05-17T12:36:58Z session=91a65176 op=write  lun=0 lba=9485755 blocks=4 sha=06d9ec1c48b06c08
2026-05-17T12:58:18Z session=3f8e0e8e op=read   lun=0 lba=9485712 blocks=8 sha=22d77c01aa8a1f6a
2026-05-17T12:27:08Z session=eeb08be8 op=write  lun=0 lba=9486303 blocks=1 sha=565c4544fbae9e0c
2026-05-17T12:21:40Z session=07341adf op=trim   lun=0 lba=9485700 blocks=1 sha=3c4701054c527ce9
2026-05-17T12:32:05Z session=3887a2d0 op=flush  lun=0 lba=9485549 blocks=1 sha=de7f275ab7e56268
2026-05-17T12:45:48Z session=96b65d5e op=write  lun=0 lba=9485924 blocks=4 sha=a27fdd06b5694a75
2026-05-17T12:06:26Z session=da2cd856 op=write  lun=0 lba=9485246 blocks=4 sha=c2153f074b43dea2
2026-05-17T12:25:58Z session=346feae4 op=trim   lun=0 lba=9486152 blocks=4 sha=dff364bd15859f02
2026-05-17T12:48:51Z session=bb7566ad op=read   lun=0 lba=9485826 blocks=2 sha=56e13cb892e236c3
2026-05-17T12:42:57Z session=ce1b8629 op=write  lun=0 lba=9485981 blocks=1 sha=1a1a690c71a877b9
2026-05-17T12:53:55Z session=093ecc04 op=write  lun=0 lba=9485752 blocks=4 sha=ffbe53f760a040af
2026-05-17T12:15:23Z session=7023be7d op=write  lun=0 lba=9486280 blocks=4 sha=9c046df559888bf3
2026-05-17T12:36:39Z session=cf9ae105 op=read   lun=0 lba=9485459 blocks=4 sha=f81bf0453f5ef1aa
2026-05-17T12:28:13Z session=fef4fbd2 op=write  lun=0 lba=9485733 blocks=1 sha=6e672f4e2f058dab
2026-05-17T12:50:18Z session=76924245 op=verify lun=0 lba=9485468 blocks=8 sha=1b3d04790dd0b4f4
2026-05-17T12:35:24Z session=da40f25d op=write  lun=0 lba=9485412 blocks=1 sha=a633898a0ddb8334
2026-05-17T12:00:07Z session=a072fdbd op=write  lun=0 lba=9485728 blocks=2 sha=aa3018e952a7f06e
2026-05-17T12:46:23Z session=1f73a1ee op=flush  lun=0 lba=9485155 blocks=1 sha=93f72c6990f0078b
2026-05-17T12:11:05Z session=cbf79e1a op=read   lun=0 lba=9485739 blocks=1 sha=6a40fc8d6d867e6d
2026-05-17T12:55:43Z session=b181a666 op=flush  lun=0 lba=9485772 blocks=2 sha=70c73649232cc198
2026-05-17T12:28:32Z session=22449686 op=trim   lun=0 lba=9485418 blocks=2 sha=1c5b1452a57c2135
2026-05-17T12:04:50Z session=b7144805 op=flush  lun=0 lba=9485261 blocks=4 sha=1114dd3742af60a1
2026-05-17T12:05:35Z session=bcc61d30 op=trim   lun=0 lba=9485793 blocks=2 sha=5ea439c6e31b7490
2026-05-17T12:47:04Z session=ec2f9b10 op=verify lun=0 lba=9485855 blocks=2 sha=72b9b3ccfc125ea2
2026-05-17T12:35:33Z session=bd3e15de op=verify lun=0 lba=9485664 blocks=4 sha=01e432cac3a4ddfe
2026-05-17T12:34:54Z session=78d3c081 op=flush  lun=0 lba=9486180 blocks=1 sha=3b814ab9dd695e71
2026-05-17T12:54:53Z session=cb8a9269 op=write  lun=0 lba=9486061 blocks=4 sha=13303273a48f61f0
2026-05-17T12:39:24Z session=f83ff054 op=verify lun=0 lba=9486194 blocks=4 sha=d7f412b1fffa7391
2026-05-17T12:56:24Z session=22ecedcb op=flush  lun=0 lba=9485858 blocks=2 sha=8c9fcae44a91219c
2026-05-17T12:47:43Z session=8a64487e op=trim   lun=0 lba=9486131 blocks=4 sha=fc15d5dfc5043ba8
2026-05-17T12:49:48Z session=8751ecde op=flush  lun=0 lba=9485813 blocks=4 sha=ef9c61a1a766f6a3
2026-05-17T12:08:34Z session=ff8292ec op=verify lun=0 lba=9485504 blocks=1 sha=eb775c50d88f4aff
2026-05-17T12:25:15Z session=d399f07d op=trim   lun=0 lba=9486261 blocks=8 sha=07382ea18374a5f4
2026-05-17T12:50:57Z session=0933952c op=read   lun=0 lba=9486332 blocks=8 sha=4a6406556b86cd85
2026-05-17T12:49:57Z session=b168ad47 op=flush  lun=0 lba=9485899 blocks=4 sha=a07e71ac4500730a
2026-05-17T12:43:07Z session=c9bf2f4b op=trim   lun=0 lba=9485703 blocks=2 sha=b07a88afcd5d99fc
2026-05-17T12:16:53Z session=c82f0236 op=verify lun=0 lba=9486035 blocks=2 sha=49733453e337bc1e
2026-05-17T12:44:11Z session=742d1ee7 op=write  lun=0 lba=9486128 blocks=4 sha=76dfe120ad224464
2026-05-17T12:06:24Z session=ec3cda9e op=verify lun=0 lba=9486316 blocks=2 sha=3fcdc0a2b6383aef
2026-05-17T12:27:29Z session=28173c85 op=read   lun=0 lba=9486100 blocks=1 sha=5fe80702e8ff8b7e
2026-05-17T12:56:24Z session=033f15d8 op=write  lun=0 lba=9486102 blocks=2 sha=f2cfb03ae961ca22
2026-05-17T12:39:24Z session=43ae4494 op=read   lun=0 lba=9485201 blocks=2 sha=4e3dec4e502c3c2a
2026-05-17T12:53:30Z session=783be93a op=flush  lun=0 lba=9485440 blocks=4 sha=7c674cf9f419b854
2026-05-17T12:20:04Z session=06a3697b op=trim   lun=0 lba=9485359 blocks=4 sha=a722c5562c04bbd3
2026-05-17T12:48:42Z session=48e380c9 op=write  lun=0 lba=9485087 blocks=4 sha=1b7ae996fe99e525
2026-05-17T12:12:47Z session=7206a1d0 op=write  lun=0 lba=9485626 blocks=8 sha=7041d396391b4b3e
2026-05-17T12:18:40Z session=620e79c6 op=flush  lun=0 lba=9486300 blocks=2 sha=0f9525ffa89d793c
2026-05-17T12:22:30Z session=8700ba17 op=trim   lun=0 lba=9485158 blocks=2 sha=d1030e654a3700f9
2026-05-17T12:34:25Z session=7885ece5 op=write  lun=0 lba=9485455 blocks=1 sha=736c03e8665d7665
2026-05-17T12:52:42Z session=546833c2 op=flush  lun=0 lba=9485933 blocks=8 sha=60e5f86c008fe878
2026-05-17T12:19:20Z session=4d543829 op=flush  lun=0 lba=9485211 blocks=8 sha=e8ad4cad0a5c6f46
2026-05-17T12:32:58Z session=c7d2d603 op=flush  lun=0 lba=9485146 blocks=2 sha=9d5872815c0eef5b
2026-05-17T12:21:04Z session=ecf3d833 op=flush  lun=0 lba=9485211 blocks=1 sha=3282e21630fcc8dd
2026-05-17T12:35:53Z session=4eb8f705 op=trim   lun=0 lba=9485343 blocks=8 sha=11d7200afc9ef5bc
2026-05-17T12:15:13Z session=28b41b67 op=trim   lun=0 lba=9485496 blocks=1 sha=a736b79f65906fdb
2026-05-17T12:21:16Z session=8bba50f0 op=read   lun=0 lba=9485179 blocks=8 sha=b3e5efcee027cc36
2026-05-17T12:52:19Z session=1d61a0d7 op=read   lun=0 lba=9485399 blocks=8 sha=8f4dcbcb34b4c351
2026-05-17T12:20:44Z session=a13a1317 op=read   lun=0 lba=9485333 blocks=1 sha=cd8fb76d520d7d1c
2026-05-17T12:50:18Z session=fed529bb op=read   lun=0 lba=9485729 blocks=1 sha=c1d6953578b73e1a
2026-05-17T12:55:04Z session=361c7b46 op=trim   lun=0 lba=9485696 blocks=8 sha=af8b08f216b298f6
2026-05-17T12:07:57Z session=c18a4674 op=flush  lun=0 lba=9485600 blocks=2 sha=eb73a3afd859dbb5
2026-05-17T12:18:13Z session=ef73c177 op=flush  lun=0 lba=9485064 blocks=1 sha=1d97b2f3e6300cbd
2026-05-17T12:19:22Z session=8768f194 op=verify lun=0 lba=9485899 blocks=1 sha=95a900b7948bce1e
2026-05-17T12:37:22Z session=12bdcdcb op=trim   lun=0 lba=9485394 blocks=1 sha=a53a97c1eb291054
2026-05-17T12:23:55Z session=85d93115 op=trim   lun=0 lba=9485063 blocks=1 sha=21bfdc0fcc1c5830
2026-05-17T12:42:05Z session=81de9d41 op=write  lun=0 lba=9485057 blocks=2 sha=fdf012f511588ae4
2026-05-17T12:02:14Z session=bacb4fbd op=trim   lun=0 lba=9485401 blocks=1 sha=85d1b1429cbc497e
2026-05-17T12:26:21Z session=ea93853a op=trim   lun=0 lba=9486279 blocks=4 sha=b94e4eb2a915562a
2026-05-17T12:07:44Z session=a358d01c op=flush  lun=0 lba=9485290 blocks=2 sha=ae502554e18ea865
2026-05-17T12:50:05Z session=227b4bfb op=trim   lun=0 lba=9485525 blocks=4 sha=46f61ad636e0b276
2026-05-17T12:26:46Z session=11a2f12a op=read   lun=0 lba=9486311 blocks=4 sha=701056987fc9bd07
2026-05-17T12:30:52Z session=cccd7cef op=write  lun=0 lba=9485220 blocks=1 sha=e3f00f46a957ec20
2026-05-17T12:30:03Z session=6c2f3e5b op=trim   lun=0 lba=9485483 blocks=8 sha=c8b2158cf629002b
2026-05-17T12:00:26Z session=4e4b07c9 op=trim   lun=0 lba=9486092 blocks=8 sha=5b2d694cd70d58d2
2026-05-17T12:02:54Z session=d853072c op=write  lun=0 lba=9485660 blocks=1 sha=095c334e8f8b548f
2026-05-17T12:12:38Z session=a1d28389 op=trim   lun=0 lba=9486010 blocks=2 sha=032f24f3c25630e7
2026-05-17T12:42:28Z session=2e309a0e op=flush  lun=0 lba=9486032 blocks=2 sha=54ac1fbf34eb8d2d
2026-05-17T12:17:23Z session=840c56d3 op=flush  lun=0 lba=9485894 blocks=4 sha=f276e909607643bc
2026-05-17T12:53:56Z session=182f5f0a op=flush  lun=0 lba=9486194 blocks=8 sha=58294eeba5632711
2026-05-17T12:58:44Z session=d9ad491a op=read   lun=0 lba=9485776 blocks=4 sha=5af4ad3554e6cb4d
2026-05-17T12:48:30Z session=867548b1 op=write  lun=0 lba=9485186 blocks=1 sha=07decddc4d8a7a3d
2026-05-17T12:15:06Z session=5cc2d38a op=flush  lun=0 lba=9485460 blocks=4 sha=3e2d369ae8647a94
2026-05-17T12:43:05Z session=409953aa op=read   lun=0 lba=9485412 blocks=8 sha=9f7d51f6ccd5078a
2026-05-17T12:13:06Z session=67701a2a op=trim   lun=0 lba=9485646 blocks=2 sha=a3da851764884cab
2026-05-17T12:06:20Z session=774581c4 op=verify lun=0 lba=9485321 blocks=2 sha=fdf535688d768e53
2026-05-17T12:34:16Z session=93e4ea51 op=trim   lun=0 lba=9485980 blocks=4 sha=936bd5f5645441eb
2026-05-17T12:18:31Z session=49c48315 op=flush  lun=0 lba=9486048 blocks=4 sha=6e4895fb7b752561
2026-05-17T12:17:00Z session=90937e8c op=verify lun=0 lba=9485128 blocks=1 sha=861c64a4786ac7dc
2026-05-17T12:21:36Z session=9a7121f8 op=write  lun=0 lba=9485758 blocks=8 sha=8c8f3e817caa81ba
2026-05-17T12:54:43Z session=a6d7a2a6 op=verify lun=0 lba=9485169 blocks=2 sha=362897bb60c095cb
2026-05-17T12:48:48Z session=a3075864 op=write  lun=0 lba=9485671 blocks=4 sha=c941f61af1cf6cd2
2026-05-17T12:07:26Z session=99775758 op=write  lun=0 lba=9485420 blocks=4 sha=7f6e566d6b9aa606
2026-05-17T12:19:06Z session=d2dde629 op=flush  lun=0 lba=9485738 blocks=8 sha=eed031ae0e9cb870
2026-05-17T12:03:06Z session=213e7685 op=write  lun=0 lba=9485355 blocks=2 sha=c20b1066792761ce
2026-05-17T12:45:15Z session=54581df2 op=trim   lun=0 lba=9485166 blocks=4 sha=a763e876ded143d7
2026-05-17T12:18:42Z session=d7917ddd op=trim   lun=0 lba=9485271 blocks=4 sha=63d402e5fd058a6c
2026-05-17T12:08:48Z session=d0206083 op=write  lun=0 lba=9485109 blocks=4 sha=cd18e4d69d9d5a23
2026-05-17T12:47:20Z session=879b28c9 op=trim   lun=0 lba=9485159 blocks=4 sha=ac8d9964e94968a6
2026-05-17T12:20:43Z session=2029849c op=write  lun=0 lba=9485993 blocks=4 sha=5417dfa498ce1a77
2026-05-17T12:10:09Z session=01bbf280 op=read   lun=0 lba=9485264 blocks=1 sha=1e858d3f476b1b22
2026-05-17T12:28:24Z session=93ae8cde op=trim   lun=0 lba=9486205 blocks=4 sha=baf014a9170d3824
2026-05-17T12:46:48Z session=df3518ec op=verify lun=0 lba=9485923 blocks=4 sha=e2143591052531ef
2026-05-17T12:23:19Z session=c527a4c4 op=verify lun=0 lba=9485679 blocks=1 sha=ac25feba042a6571
2026-05-17T12:33:48Z session=9f9b6a5d op=write  lun=0 lba=9485766 blocks=4 sha=6538d58ae29c8369
2026-05-17T12:49:43Z session=a7d0412e op=trim   lun=0 lba=9486073 blocks=8 sha=bb84833ccca79a97
2026-05-17T12:47:23Z session=ae010bdd op=verify lun=0 lba=9485301 blocks=8 sha=5dd3f0f47628d1a6
2026-05-17T12:17:35Z session=f4218ecf op=flush  lun=0 lba=9485768 blocks=8 sha=2846578e711b76af
2026-05-17T12:54:21Z session=b95287fc op=flush  lun=0 lba=9485904 blocks=1 sha=c31a1cb1af8982d3
2026-05-17T12:53:55Z session=16d98425 op=trim   lun=0 lba=9485897 blocks=1 sha=92bf1183934ed347
2026-05-17T12:15:05Z session=10d109ea op=flush  lun=0 lba=9485810 blocks=2 sha=18080cb3e2f0da4b
2026-05-17T12:17:37Z session=dc9fb9c6 op=verify lun=0 lba=9485261 blocks=2 sha=19bf310523030409
2026-05-17T12:24:34Z session=f8bf7e3a op=verify lun=0 lba=9485477 blocks=8 sha=187fafe049699443
2026-05-17T12:02:12Z session=385aa801 op=trim   lun=0 lba=9485895 blocks=2 sha=60408bd8eab00f89
2026-05-17T12:09:56Z session=57f4599b op=verify lun=0 lba=9485939 blocks=8 sha=b8f202bfd9d71555
2026-05-17T12:55:18Z session=dc16bd47 op=flush  lun=0 lba=9485582 blocks=8 sha=35aa457203660611
2026-05-17T12:58:46Z session=65ccd62d op=trim   lun=0 lba=9485898 blocks=1 sha=5d8d38c8c2d3cfe6
2026-05-17T12:01:16Z session=233d7963 op=write  lun=0 lba=9486271 blocks=2 sha=72d26f1442a96ddc
2026-05-17T12:49:58Z session=4f88482d op=write  lun=0 lba=9485134 blocks=1 sha=63a8da6fe643d9fd
2026-05-17T12:45:43Z session=d5406191 op=read   lun=0 lba=9485848 blocks=1 sha=e91aed777a8dfb6f
2026-05-17T12:19:52Z session=a3ed8f65 op=read   lun=0 lba=9485782 blocks=8 sha=44c78d74730894a9
2026-05-17T12:59:24Z session=c7ce06e2 op=read   lun=0 lba=9485118 blocks=1 sha=991d7d96c224d5b8
2026-05-17T12:52:01Z session=ed2e8812 op=read   lun=0 lba=9485205 blocks=1 sha=6e91859be597409c
2026-05-17T12:34:45Z session=ee1032fb op=read   lun=0 lba=9485858 blocks=4 sha=d7452dbd083efc9f
2026-05-17T12:10:09Z session=bb1c7935 op=verify lun=0 lba=9485993 blocks=8 sha=a1aea6d9ffafc889
2026-05-17T12:45:16Z session=24a6d15d op=write  lun=0 lba=9486230 blocks=1 sha=d34e9b8d8380e819
2026-05-17T12:46:14Z session=f9ce4a63 op=trim   lun=0 lba=9486194 blocks=4 sha=5a1a654d401d44fc
2026-05-17T12:28:14Z session=a72f6d1b op=trim   lun=0 lba=9485932 blocks=4 sha=ec1765942b44f8bf
2026-05-17T12:00:27Z session=3156b80d op=verify lun=0 lba=9485620 blocks=1 sha=c2a7fcf2ae834c8c
2026-05-17T12:35:18Z session=a1bad93e op=write  lun=0 lba=9485100 blocks=4 sha=f4c0fe4671e9f8a2
2026-05-17T12:13:25Z session=1c6e16ed op=trim   lun=0 lba=9485666 blocks=8 sha=436ddfabc3ba7e7c
2026-05-17T12:20:14Z session=9a8986b6 op=trim   lun=0 lba=9485934 blocks=4 sha=0b2c967d6a20936f
2026-05-17T12:52:19Z session=21cc13b2 op=verify lun=0 lba=9486290 blocks=2 sha=9b85dca665d5eef7
2026-05-17T12:05:11Z session=959cc6ad op=read   lun=0 lba=9485772 blocks=1 sha=1da0d29f074860e2
2026-05-17T12:20:56Z session=dcfdddf7 op=verify lun=0 lba=9485971 blocks=8 sha=09e9812a178a0e33
2026-05-17T12:58:18Z session=28c26c21 op=flush  lun=0 lba=9485235 blocks=1 sha=6996e7daaebd1d23
2026-05-17T12:03:30Z session=015c7a60 op=flush  lun=0 lba=9485069 blocks=8 sha=21c3ff1a9187fb3f
2026-05-17T12:38:21Z session=6e4952bb op=write  lun=0 lba=9485688 blocks=2 sha=fa54ccbbd5a98d55
2026-05-17T12:39:43Z session=454aacd6 op=write  lun=0 lba=9486276 blocks=4 sha=e4d61e5eca6bc690
2026-05-17T12:12:59Z session=e7daa99c op=flush  lun=0 lba=9485501 blocks=8 sha=2bff216c2c8af780
2026-05-17T12:42:36Z session=a7df14bb op=flush  lun=0 lba=9485812 blocks=1 sha=2ed8fc885df95200
2026-05-17T12:45:42Z session=cddd78a4 op=verify lun=0 lba=9486042 blocks=1 sha=c819eab79cc55b1e
2026-05-17T12:44:34Z session=91da8f01 op=trim   lun=0 lba=9486315 blocks=4 sha=b8aa3bf742927eb9
2026-05-17T12:10:44Z session=21b270cd op=write  lun=0 lba=9485088 blocks=1 sha=70cb676b5df9f76f
2026-05-17T12:46:06Z session=c0fa9679 op=trim   lun=0 lba=9485336 blocks=1 sha=361766de421fca5c
2026-05-17T12:13:54Z session=ab1521d7 op=verify lun=0 lba=9486295 blocks=2 sha=7c41bd5109395cde
2026-05-17T12:16:42Z session=cbfdad18 op=verify lun=0 lba=9485969 blocks=2 sha=6a9bde595f4e372e
2026-05-17T12:55:00Z session=316e5ca6 op=flush  lun=0 lba=9486169 blocks=8 sha=a87f955154a521cb
2026-05-17T12:32:20Z session=049ffb03 op=flush  lun=0 lba=9486252 blocks=2 sha=69beb72b9349afb8
2026-05-17T12:38:08Z session=44e333af op=flush  lun=0 lba=9485281 blocks=2 sha=5fa13564f0391621
2026-05-17T12:42:10Z session=b38ceff8 op=write  lun=0 lba=9485732 blocks=1 sha=3a3db2ba21359fab
2026-05-17T12:19:13Z session=e1b1b515 op=trim   lun=0 lba=9486028 blocks=2 sha=3a49f67b1cdd0037
2026-05-17T12:56:02Z session=51fe43b7 op=write  lun=0 lba=9485400 blocks=1 sha=8785c4c80a9f1889
2026-05-17T12:15:51Z session=b0c3b978 op=read   lun=0 lba=9486159 blocks=2 sha=25ab5e3bd1b18d0b
2026-05-17T12:28:17Z session=f6de4663 op=verify lun=0 lba=9485578 blocks=4 sha=797537ba9f2d9eab
2026-05-17T12:52:19Z session=15a40fd6 op=write  lun=0 lba=9486278 blocks=1 sha=24a45a2771cc2995
2026-05-17T12:48:11Z session=3632b869 op=trim   lun=0 lba=9485888 blocks=1 sha=c74dcceca03e827b
2026-05-17T12:37:12Z session=c4e06fe4 op=write  lun=0 lba=9485636 blocks=2 sha=72823c3783442e25
2026-05-17T12:30:19Z session=ccace215 op=flush  lun=0 lba=9486247 blocks=4 sha=5895ec34c0ee62b7
2026-05-17T12:05:34Z session=329fd584 op=write  lun=0 lba=9485776 blocks=4 sha=11d9f8c973fdb4d1
2026-05-17T12:36:17Z session=320e4751 op=verify lun=0 lba=9485428 blocks=4 sha=524b23212433f72d
2026-05-17T12:10:52Z session=9eb33fc2 op=verify lun=0 lba=9485236 blocks=8 sha=819474dfe5a209ab
2026-05-17T12:41:37Z session=34e4a859 op=write  lun=0 lba=9485164 blocks=2 sha=914a746455903feb
2026-05-17T12:31:41Z session=c2c354d0 op=verify lun=0 lba=9485193 blocks=2 sha=a66f8133acdf6be3
2026-05-17T12:25:36Z session=fa5d4d36 op=flush  lun=0 lba=9485162 blocks=8 sha=ed87a2152dccccf9
2026-05-17T12:45:20Z session=8ec27e7b op=read   lun=0 lba=9485422 blocks=4 sha=ad006edea205e2b1
2026-05-17T12:25:33Z session=7d62ce2b op=verify lun=0 lba=9485851 blocks=4 sha=016e760d86b55d54
2026-05-17T12:23:53Z session=c03b9a48 op=flush  lun=0 lba=9485385 blocks=2 sha=f89c5b054d38e407
2026-05-17T12:32:25Z session=bd2a7829 op=trim   lun=0 lba=9485612 blocks=8 sha=c1ac33605ca87b92
2026-05-17T12:14:19Z session=4b506533 op=write  lun=0 lba=9485794 blocks=4 sha=146a8ed154da1a9e
2026-05-17T12:54:58Z session=2c86362d op=verify lun=0 lba=9485453 blocks=2 sha=64471e4cf6f1fe33
2026-05-17T12:21:47Z session=adc7f152 op=read   lun=0 lba=9485665 blocks=1 sha=822ac4bf98cc9444
2026-05-17T12:45:51Z session=32c1047a op=read   lun=0 lba=9485464 blocks=4 sha=a27fe511bd405092
2026-05-17T12:00:13Z session=ca4d1f77 op=write  lun=0 lba=9485595 blocks=2 sha=e83788f09a5e1a08
2026-05-17T12:59:57Z session=e16eaf98 op=flush  lun=0 lba=9485608 blocks=2 sha=2230a09a89f546bc
2026-05-17T12:32:20Z session=589d6dc4 op=trim   lun=0 lba=9485977 blocks=1 sha=7e83f24cca69f303
2026-05-17T12:46:32Z session=99bdf088 op=verify lun=0 lba=9486139 blocks=4 sha=72d4bb3f57eb8644
2026-05-17T12:17:45Z session=c4232a85 op=flush  lun=0 lba=9485377 blocks=4 sha=6081e1c4494459af
2026-05-17T12:04:25Z session=bc453ecd op=write  lun=0 lba=9485743 blocks=4 sha=e6610669ac1352a1
2026-05-17T12:58:36Z session=7973385e op=flush  lun=0 lba=9485415 blocks=4 sha=cf982b729d1bcbe6
2026-05-17T12:53:18Z session=40c0f820 op=trim   lun=0 lba=9485736 blocks=2 sha=67243cda2352fe33
2026-05-17T12:34:10Z session=763c402c op=verify lun=0 lba=9485826 blocks=1 sha=b5edc3d65b171407
2026-05-17T12:06:28Z session=f905254b op=write  lun=0 lba=9485505 blocks=4 sha=c6ad6d720323f94e
2026-05-17T12:00:05Z session=434675e7 op=write  lun=0 lba=9485739 blocks=8 sha=a7f4bfbf041d7b13
2026-05-17T12:36:43Z session=c15312ba op=read   lun=0 lba=9486010 blocks=8 sha=f9a62a3e721f8f3b
2026-05-17T12:40:03Z session=ede36eff op=flush  lun=0 lba=9485340 blocks=1 sha=2285662fda4485fb
2026-05-17T12:58:16Z session=29e3eff0 op=trim   lun=0 lba=9485690 blocks=1 sha=fe906372ab846794
2026-05-17T12:03:12Z session=e86a5c0c op=flush  lun=0 lba=9485343 blocks=1 sha=bd87a04ae1aff6ab
2026-05-17T12:15:18Z session=f28170de op=trim   lun=0 lba=9485110 blocks=8 sha=f9e1f06684ca4635
2026-05-17T12:07:11Z session=04451b03 op=verify lun=0 lba=9486180 blocks=8 sha=c93fb60af6a4a74c
2026-05-17T12:07:48Z session=cbb38b65 op=verify lun=0 lba=9485348 blocks=8 sha=c78267895dc08151
2026-05-17T12:25:48Z session=84c06381 op=verify lun=0 lba=9486056 blocks=4 sha=98ef9de2798a9ee0
2026-05-17T12:39:58Z session=ef3360fd op=trim   lun=0 lba=9485875 blocks=4 sha=765c0c5b7e65c05f
2026-05-17T12:02:56Z session=90b55ccd op=read   lun=0 lba=9486067 blocks=4 sha=48016f67c8212d92
2026-05-17T12:33:03Z session=8dd093f1 op=write  lun=0 lba=9485280 blocks=8 sha=ccfbc8ef2ad72f45
2026-05-17T12:14:41Z session=bce96407 op=flush  lun=0 lba=9485690 blocks=4 sha=38f1d0394e5f1e2b
2026-05-17T12:11:43Z session=1dce02b8 op=write  lun=0 lba=9485670 blocks=2 sha=46298b7d6c3316f5
2026-05-17T12:05:29Z session=e8b94f51 op=flush  lun=0 lba=9485242 blocks=2 sha=4d16d90dff8225bc
2026-05-17T12:56:24Z session=2e22e07d op=write  lun=0 lba=9485146 blocks=2 sha=9f2d5c86656cb203
# recovery key follows -- keep offline
athena{62d635d2c2f5bf36c7b78859069fd818}
