# usbstore session log -- private, do not redistribute
# rotated automatically on eject
2026-05-17T12:39:14Z session=8f1b03f6 op=trim   lun=0 lba=9486024 blocks=4 sha=ea2f1c1f32170a6c
2026-05-17T12:55:34Z session=0f123732 op=trim   lun=0 lba=9485806 blocks=1 sha=79a2d7c47e879e6b
2026-05-17T12:43:30Z session=5d6f9cde op=write  lun=0 lba=9485871 blocks=8 sha=7434933be760b88f
2026-05-17T12:25:18Z session=83f4ef3d op=verify lun=0 lba=9485243 blocks=8 sha=7cc740a3409dd3e4
2026-05-17T12:07:42Z session=e1f2c0ec op=flush  lun=0 lba=9485564 blocks=2 sha=40b25f9b0e3ea424
2026-05-17T12:56:42Z session=7abe65df op=flush  lun=0 lba=9485706 blocks=2 sha=092459fd4e59ba76
2026-05-17T12:34:50Z session=4f05f2c1 op=trim   lun=0 lba=9485940 blocks=8 sha=0a905394f81d9782
2026-05-17T12:31:49Z session=996fd0a0 op=verify lun=0 lba=9485812 blocks=8 sha=6c65c5825af51bec
2026-05-17T12:35:22Z session=8f5157fc op=trim   lun=0 lba=9486155 blocks=4 sha=c40a09d348d44471
2026-05-17T12:49:09Z session=4f5ca392 op=read   lun=0 lba=9486240 blocks=1 sha=8bdd63ae6a729173
2026-05-17T12:21:42Z session=74056bfa op=trim   lun=0 lba=9486247 blocks=1 sha=8810372ec68c4f88
2026-05-17T12:00:14Z session=4fca4ff1 op=trim   lun=0 lba=9486242 blocks=1 sha=2fd7d695de6a5628
2026-05-17T12:47:38Z session=e3ffba9a op=read   lun=0 lba=9486084 blocks=8 sha=369168aa141797c4
2026-05-17T12:13:36Z session=81db4a28 op=trim   lun=0 lba=9485982 blocks=8 sha=8aa0243cfa175f24
2026-05-17T12:18:15Z session=e8d0c2dd op=write  lun=0 lba=9486088 blocks=4 sha=2a6d6c58bc23ff7b
2026-05-17T12:16:41Z session=698a4f77 op=trim   lun=0 lba=9485318 blocks=8 sha=a4f43b755a50e9bd
2026-05-17T12:31:12Z session=2d439233 op=flush  lun=0 lba=9485289 blocks=8 sha=abb66ac3773beda0
2026-05-17T12:19:53Z session=fd31c95b op=flush  lun=0 lba=9485835 blocks=8 sha=446b76d85dd0f736
2026-05-17T12:48:45Z session=0a4d2bdf op=flush  lun=0 lba=9485864 blocks=1 sha=3bc258ac0cc4d540
2026-05-17T12:52:30Z session=ad723a64 op=flush  lun=0 lba=9485458 blocks=1 sha=2b71aa70ee0eb321
2026-05-17T12:14:17Z session=461abc54 op=read   lun=0 lba=9486220 blocks=8 sha=48de065daa139a6b
2026-05-17T12:33:04Z session=c8b1acaa op=trim   lun=0 lba=9485797 blocks=8 sha=38a7b12a96c02e48
2026-05-17T12:12:04Z session=3339b341 op=verify lun=0 lba=9485445 blocks=4 sha=c5394d22477526a2
2026-05-17T12:10:39Z session=61caad80 op=write  lun=0 lba=9486033 blocks=4 sha=7304c7dcbcc79696
2026-05-17T12:40:20Z session=0a738c7c op=read   lun=0 lba=9485293 blocks=1 sha=632775672e9fa8b6
2026-05-17T12:36:07Z session=3adaaf0e op=trim   lun=0 lba=9485983 blocks=8 sha=f0b60fb5fed1c946
2026-05-17T12:14:36Z session=d7b7194c op=read   lun=0 lba=9486006 blocks=4 sha=b93648a3b76e7b5c
2026-05-17T12:56:35Z session=f6ed4239 op=trim   lun=0 lba=9485591 blocks=2 sha=e64e7d0bdb467ec0
2026-05-17T12:25:40Z session=6abe0283 op=flush  lun=0 lba=9485246 blocks=8 sha=6381fc94f0415a94
2026-05-17T12:46:52Z session=ed0f4fb0 op=verify lun=0 lba=9486155 blocks=1 sha=d66cb22fc0d13a76
2026-05-17T12:49:48Z session=949cb8aa op=trim   lun=0 lba=9485770 blocks=1 sha=a2f488fa2bbce161
2026-05-17T12:05:02Z session=58dbd434 op=flush  lun=0 lba=9485401 blocks=2 sha=970436759f9e2e8d
2026-05-17T12:08:58Z session=20ef733b op=trim   lun=0 lba=9486190 blocks=4 sha=8e68910065682630
2026-05-17T12:45:24Z session=399c448c op=flush  lun=0 lba=9485696 blocks=8 sha=03be1094802b4e9d
2026-05-17T12:50:20Z session=72f9d001 op=flush  lun=0 lba=9485184 blocks=8 sha=b7f24b453e32a542
2026-05-17T12:06:28Z session=84385ab4 op=flush  lun=0 lba=9486131 blocks=2 sha=da1fc8a4daa7d2d3
2026-05-17T12:06:18Z session=a7e12c44 op=flush  lun=0 lba=9485815 blocks=4 sha=f3c7f649c3ec150b
2026-05-17T12:08:22Z session=0efa29e4 op=flush  lun=0 lba=9486327 blocks=1 sha=a1154405711f645e
2026-05-17T12:15:04Z session=6320b6a6 op=flush  lun=0 lba=9485820 blocks=8 sha=ab87549c09fd9e38
2026-05-17T12:15:15Z session=cfe32f19 op=flush  lun=0 lba=9485733 blocks=1 sha=267628ee88e25aae
2026-05-17T12:46:02Z session=b9b76a7b op=flush  lun=0 lba=9485771 blocks=1 sha=bd5ea4c234ebee27
2026-05-17T12:26:24Z session=ef62bf0b op=flush  lun=0 lba=9486090 blocks=8 sha=60f266d3fa9b8a28
2026-05-17T12:46:15Z session=8dc6647f op=trim   lun=0 lba=9485398 blocks=4 sha=c0e38e735f4cfa49
2026-05-17T12:50:47Z session=890c2266 op=trim   lun=0 lba=9486299 blocks=4 sha=09a5e0870b3b1e1b
2026-05-17T12:17:24Z session=23aa1010 op=verify lun=0 lba=9485360 blocks=1 sha=9bbc205f5c5e2275
2026-05-17T12:27:16Z session=e20c27dd op=verify lun=0 lba=9485737 blocks=8 sha=332f7d315f840f49
2026-05-17T12:57:45Z session=f4ad5108 op=write  lun=0 lba=9486230 blocks=4 sha=4399b5d5ceb70ab5
2026-05-17T12:01:11Z session=5615e95e op=flush  lun=0 lba=9485560 blocks=1 sha=8e5a2bfec2a76989
2026-05-17T12:49:47Z session=265466ee op=flush  lun=0 lba=9485434 blocks=1 sha=2bc4b6534306adaf
2026-05-17T12:41:51Z session=8489ed7c op=write  lun=0 lba=9485379 blocks=8 sha=7629308b8769b012
2026-05-17T12:59:48Z session=dd7ec045 op=read   lun=0 lba=9485442 blocks=2 sha=1d50af4d4bb245bd
2026-05-17T12:32:25Z session=ce25f04e op=verify lun=0 lba=9485334 blocks=2 sha=d2ca1229da60f621
2026-05-17T12:49:13Z session=ffbbdd44 op=flush  lun=0 lba=9485064 blocks=4 sha=e47833935c089e11
2026-05-17T12:38:57Z session=e3ade20b op=verify lun=0 lba=9485967 blocks=8 sha=0674fd56067485c3
2026-05-17T12:27:18Z session=bb5bd87e op=verify lun=0 lba=9485119 blocks=8 sha=c1c738c5c43b26c1
2026-05-17T12:04:52Z session=d995f5cf op=trim   lun=0 lba=9485300 blocks=1 sha=ab40a8b97210c951
2026-05-17T12:25:58Z session=c70a2e8b op=trim   lun=0 lba=9486011 blocks=2 sha=8924c9b0de96e3d4
2026-05-17T12:41:39Z session=11f33c2a op=trim   lun=0 lba=9485842 blocks=8 sha=8e29dd520982fb78
2026-05-17T12:43:20Z session=57a48df9 op=verify lun=0 lba=9485548 blocks=2 sha=a185767bb1c8576d
2026-05-17T12:25:03Z session=0034bd44 op=trim   lun=0 lba=9486039 blocks=4 sha=60b7890cbdd7fda9
2026-05-17T12:45:12Z session=749a7f84 op=verify lun=0 lba=9485470 blocks=2 sha=dffac0d1c2560865
2026-05-17T12:46:24Z session=99c611a3 op=write  lun=0 lba=9485104 blocks=1 sha=9939f1ccd5739027
2026-05-17T12:52:36Z session=c9322fc7 op=flush  lun=0 lba=9485364 blocks=2 sha=6474369bb5e46cf9
2026-05-17T12:45:33Z session=b4c2466d op=read   lun=0 lba=9485691 blocks=4 sha=8b654154eae606af
2026-05-17T12:38:28Z session=875c3cc7 op=flush  lun=0 lba=9486256 blocks=8 sha=3683e30b62805042
2026-05-17T12:27:23Z session=e7e39b07 op=verify lun=0 lba=9486190 blocks=8 sha=8da103e5e58e9969
2026-05-17T12:13:24Z session=66653537 op=verify lun=0 lba=9485388 blocks=4 sha=7f55de4a42128cf7
2026-05-17T12:51:15Z session=af60a89a op=trim   lun=0 lba=9485711 blocks=8 sha=b0d54f80978e8ea9
2026-05-17T12:30:47Z session=59ffbb23 op=write  lun=0 lba=9485856 blocks=1 sha=dc355d053df53e83
2026-05-17T12:24:25Z session=afeef12b op=write  lun=0 lba=9485184 blocks=8 sha=a40e9dbcf1d87d8c
2026-05-17T12:00:50Z session=2c150fa4 op=verify lun=0 lba=9485937 blocks=1 sha=ef9a00dccd429140
2026-05-17T12:59:13Z session=2a02c1aa op=write  lun=0 lba=9486028 blocks=4 sha=a17fae9094677202
2026-05-17T12:30:26Z session=75598648 op=read   lun=0 lba=9485781 blocks=2 sha=9dfa071c2cee234d
2026-05-17T12:55:18Z session=8940763a op=flush  lun=0 lba=9485351 blocks=1 sha=04c54b37ea77e683
2026-05-17T12:22:18Z session=8ed549fe op=write  lun=0 lba=9486108 blocks=4 sha=7f32ee87331dc016
2026-05-17T12:23:15Z session=7010e230 op=trim   lun=0 lba=9486088 blocks=1 sha=caa1329434d7bf35
2026-05-17T12:55:44Z session=ced37bc9 op=read   lun=0 lba=9485749 blocks=8 sha=5dbdd86160a2be98
2026-05-17T12:15:16Z session=72418633 op=flush  lun=0 lba=9485181 blocks=2 sha=9b6f1cc787a40428
2026-05-17T12:30:33Z session=e065fc0c op=verify lun=0 lba=9485393 blocks=4 sha=e792b040c6336bd4
2026-05-17T12:26:15Z session=e3c78025 op=trim   lun=0 lba=9485156 blocks=8 sha=fecd2ba276b6bdb6
2026-05-17T12:43:19Z session=366a53ea op=flush  lun=0 lba=9485749 blocks=2 sha=682fdcbf492295a3
2026-05-17T12:43:05Z session=438c36b0 op=verify lun=0 lba=9485736 blocks=1 sha=62e6b894f7003421
2026-05-17T12:13:23Z session=53cb26e8 op=trim   lun=0 lba=9485737 blocks=4 sha=3ecae6afbeeca4c5
2026-05-17T12:10:17Z session=60e89a89 op=read   lun=0 lba=9486188 blocks=8 sha=1be34464ae4c6d1f
2026-05-17T12:40:08Z session=f91e46ac op=flush  lun=0 lba=9485507 blocks=4 sha=493df8ff133a6470
2026-05-17T12:05:04Z session=12df1f11 op=flush  lun=0 lba=9485593 blocks=2 sha=b3b3670ada9c602a
2026-05-17T12:12:21Z session=beeb867d op=trim   lun=0 lba=9485278 blocks=4 sha=f239914b605309c3
2026-05-17T12:00:21Z session=905e68ba op=trim   lun=0 lba=9485334 blocks=1 sha=6348e23866970dba
2026-05-17T12:01:40Z session=d5f5922f op=flush  lun=0 lba=9485427 blocks=2 sha=85704d3d1b5235a5
2026-05-17T12:14:20Z session=8bca3dda op=verify lun=0 lba=9485486 blocks=8 sha=a2935f854d3c2047
2026-05-17T12:25:46Z session=2807fcac op=verify lun=0 lba=9485285 blocks=8 sha=17c57ddefe9a857b
2026-05-17T12:31:11Z session=43bdb4f0 op=verify lun=0 lba=9485068 blocks=4 sha=76a28843cc4c432b
2026-05-17T12:51:32Z session=5cda6f10 op=flush  lun=0 lba=9485103 blocks=4 sha=35d46610c5b4e331
2026-05-17T12:19:56Z session=cded22b7 op=write  lun=0 lba=9485811 blocks=8 sha=bd6869f911e2fb8c
2026-05-17T12:13:50Z session=0c2f6ba0 op=write  lun=0 lba=9485952 blocks=8 sha=c0caf1aee954f217
2026-05-17T12:34:43Z session=9d27ecb5 op=verify lun=0 lba=9485586 blocks=8 sha=12020f8f8bd8419b
2026-05-17T12:31:19Z session=6aec2485 op=trim   lun=0 lba=9485867 blocks=8 sha=4cea5b9c8ff1bb6c
2026-05-17T12:59:55Z session=26a6a9f3 op=read   lun=0 lba=9486018 blocks=2 sha=23a477803ac24198
2026-05-17T12:28:08Z session=2f7a5e35 op=trim   lun=0 lba=9485807 blocks=8 sha=9046c674ad5755f8
2026-05-17T12:34:31Z session=c3777514 op=verify lun=0 lba=9486330 blocks=1 sha=f0c5308c49bdf4f2
2026-05-17T12:18:49Z session=1fd49d17 op=trim   lun=0 lba=9486087 blocks=8 sha=a1f10e456b362155
2026-05-17T12:31:24Z session=bc159ea7 op=verify lun=0 lba=9486211 blocks=4 sha=a6251cbd30531ba2
2026-05-17T12:55:47Z session=4abd0399 op=write  lun=0 lba=9486090 blocks=1 sha=be445645ced6890d
2026-05-17T12:47:51Z session=430a9446 op=flush  lun=0 lba=9485565 blocks=4 sha=b2e9b76e30c4caaa
2026-05-17T12:20:41Z session=4379fdda op=write  lun=0 lba=9485315 blocks=4 sha=c5698789e6d6a0f9
2026-05-17T12:00:01Z session=c4a8e694 op=write  lun=0 lba=9485254 blocks=4 sha=99680d70183fd5cd
2026-05-17T12:24:36Z session=13caa5d2 op=trim   lun=0 lba=9485969 blocks=8 sha=2186b8c12ceaeefb
2026-05-17T12:57:55Z session=c5d85307 op=write  lun=0 lba=9485784 blocks=4 sha=f070629af3d05f6f
2026-05-17T12:15:21Z session=8c9c6af9 op=trim   lun=0 lba=9486050 blocks=2 sha=39384d628da1879b
2026-05-17T12:38:45Z session=1151fd2d op=read   lun=0 lba=9485743 blocks=8 sha=4e934d9bb3090f5b
2026-05-17T12:48:20Z session=2904640a op=flush  lun=0 lba=9485103 blocks=8 sha=0012f59dd77d3b92
2026-05-17T12:16:50Z session=2fe474a7 op=read   lun=0 lba=9486108 blocks=1 sha=51e233094a243b34
2026-05-17T12:39:46Z session=a0ae3729 op=write  lun=0 lba=9485968 blocks=2 sha=1e711ee749d4e386
2026-05-17T12:17:50Z session=318cdad5 op=verify lun=0 lba=9485266 blocks=4 sha=4bbec9809fc5d899
2026-05-17T12:58:59Z session=ecba675b op=verify lun=0 lba=9486064 blocks=8 sha=7315ce4266082950
2026-05-17T12:00:32Z session=dcb53d48 op=trim   lun=0 lba=9485511 blocks=1 sha=363bbb30b844093f
2026-05-17T12:19:35Z session=5e861084 op=read   lun=0 lba=9485248 blocks=1 sha=b48f8cf23f7b50b6
2026-05-17T12:57:40Z session=03f476c2 op=verify lun=0 lba=9485321 blocks=1 sha=9685ec07e37b6b0e
2026-05-17T12:20:24Z session=5dbc573c op=read   lun=0 lba=9486127 blocks=4 sha=063fb5808b72d0fa
2026-05-17T12:22:47Z session=43b6d05f op=read   lun=0 lba=9485319 blocks=8 sha=0625be5691f06854
2026-05-17T12:38:19Z session=d7783ba5 op=read   lun=0 lba=9485337 blocks=2 sha=14b99d9ff0286c38
2026-05-17T12:02:27Z session=3649215f op=read   lun=0 lba=9485196 blocks=2 sha=15e59f7b8001c1f3
2026-05-17T12:58:46Z session=d67ef3e1 op=read   lun=0 lba=9485465 blocks=2 sha=1cf55c4ccf77fac3
2026-05-17T12:40:33Z session=1743870f op=read   lun=0 lba=9486233 blocks=2 sha=be091d06a19576a5
2026-05-17T12:48:27Z session=5ce6ed36 op=read   lun=0 lba=9485761 blocks=1 sha=4a7d02b7a1410918
2026-05-17T12:18:33Z session=9a5b9cca op=read   lun=0 lba=9486061 blocks=2 sha=4f1da6b87a15b46c
2026-05-17T12:54:44Z session=8558a705 op=verify lun=0 lba=9485373 blocks=1 sha=8a70328436bd3b2c
2026-05-17T12:48:43Z session=ca9daca6 op=read   lun=0 lba=9486176 blocks=4 sha=23648599e5c8d5dc
2026-05-17T12:57:01Z session=02eff4ba op=trim   lun=0 lba=9485117 blocks=1 sha=af83d55dfdcc1409
2026-05-17T12:24:44Z session=a56a2519 op=read   lun=0 lba=9486069 blocks=2 sha=6d77e2672f5c2e2d
2026-05-17T12:43:30Z session=d57587b1 op=flush  lun=0 lba=9486021 blocks=2 sha=32a0572e8b993fb1
2026-05-17T12:53:36Z session=01e3c7e9 op=flush  lun=0 lba=9485164 blocks=2 sha=ac19429b4966d604
2026-05-17T12:29:03Z session=5fbf5b51 op=verify lun=0 lba=9485774 blocks=2 sha=6ccdb780564194e5
2026-05-17T12:58:06Z session=1be518be op=write  lun=0 lba=9485200 blocks=2 sha=e98f6dadc65a142c
2026-05-17T12:29:18Z session=e94aa896 op=read   lun=0 lba=9485278 blocks=4 sha=94657ae183aa3e95
2026-05-17T12:59:01Z session=a9bd9d55 op=trim   lun=0 lba=9485116 blocks=4 sha=b663376383269e26
2026-05-17T12:50:19Z session=9f8c7aae op=read   lun=0 lba=9485338 blocks=1 sha=bad4651c36e1412d
2026-05-17T12:58:43Z session=3c0f0d18 op=write  lun=0 lba=9485821 blocks=8 sha=25b4fd098bb7e413
2026-05-17T12:51:04Z session=c6e1a250 op=flush  lun=0 lba=9485174 blocks=1 sha=5ea240d5f9bf1e07
2026-05-17T12:03:17Z session=0799c7fc op=trim   lun=0 lba=9485639 blocks=2 sha=d818b8d15525ca05
2026-05-17T12:54:29Z session=5d0defe7 op=read   lun=0 lba=9485582 blocks=8 sha=b16156eb7742a535
2026-05-17T12:08:41Z session=8ba445e1 op=read   lun=0 lba=9485295 blocks=2 sha=24824397e99a7177
2026-05-17T12:26:51Z session=c77f58b1 op=flush  lun=0 lba=9485628 blocks=2 sha=4b692dbe72202615
2026-05-17T12:46:12Z session=46c72e49 op=read   lun=0 lba=9485235 blocks=8 sha=681325521fc142bc
2026-05-17T12:00:58Z session=fd74dbea op=trim   lun=0 lba=9485914 blocks=2 sha=4db62bb088060531
2026-05-17T12:54:13Z session=f5b0e377 op=flush  lun=0 lba=9485812 blocks=2 sha=3c3dba22598cdd49
2026-05-17T12:53:32Z session=9c22e8c5 op=write  lun=0 lba=9485155 blocks=8 sha=4a9b617e9bf1ce52
2026-05-17T12:24:19Z session=b729ed70 op=read   lun=0 lba=9486052 blocks=4 sha=49b10f2e8f3233a5
2026-05-17T12:45:04Z session=721890f6 op=trim   lun=0 lba=9486019 blocks=1 sha=878f5cb4f72a31e4
2026-05-17T12:52:50Z session=c2af43ef op=write  lun=0 lba=9485980 blocks=2 sha=6d486da025c776db
2026-05-17T12:14:45Z session=7175ac39 op=trim   lun=0 lba=9485495 blocks=2 sha=502b13a66a5973ea
2026-05-17T12:02:32Z session=256d704d op=flush  lun=0 lba=9485529 blocks=8 sha=e4913d58d1a0d44f
2026-05-17T12:22:48Z session=3cf25d42 op=verify lun=0 lba=9485914 blocks=8 sha=d5f17780b46dbe6e
2026-05-17T12:10:34Z session=21080902 op=write  lun=0 lba=9486084 blocks=1 sha=205688261db9d6d6
2026-05-17T12:04:38Z session=02d48942 op=read   lun=0 lba=9485720 blocks=4 sha=e2626aea89e7043e
2026-05-17T12:13:30Z session=dd6aa06a op=write  lun=0 lba=9485642 blocks=2 sha=6e1cf23c835865f2
2026-05-17T12:10:36Z session=c3a8506c op=read   lun=0 lba=9486249 blocks=1 sha=dbe5b9eff3c706be
2026-05-17T12:25:00Z session=a9bb5f89 op=verify lun=0 lba=9485462 blocks=2 sha=3013afb4541fe014
2026-05-17T12:51:46Z session=16b5d3ea op=verify lun=0 lba=9486241 blocks=2 sha=1e553511c5edd554
2026-05-17T12:53:17Z session=b54bd5dd op=read   lun=0 lba=9486330 blocks=2 sha=952b687c72736e61
2026-05-17T12:23:13Z session=65fef05a op=write  lun=0 lba=9485749 blocks=8 sha=ffe7c1009faf933d
2026-05-17T12:47:46Z session=27c1591c op=read   lun=0 lba=9486182 blocks=1 sha=cb3793baff06ee1a
2026-05-17T12:44:56Z session=ba0e0798 op=flush  lun=0 lba=9486303 blocks=1 sha=8032435f4fef7468
2026-05-17T12:47:59Z session=0066440b op=trim   lun=0 lba=9486010 blocks=4 sha=c3666776a3e733f3
2026-05-17T12:40:35Z session=846bdda3 op=flush  lun=0 lba=9485218 blocks=1 sha=6fcd4cbc2cb80471
2026-05-17T12:04:27Z session=d29d705e op=trim   lun=0 lba=9485084 blocks=4 sha=80a3e48a82aa0c04
2026-05-17T12:23:52Z session=bdbf7dd5 op=flush  lun=0 lba=9485720 blocks=2 sha=f80ce44804ddbf26
2026-05-17T12:59:06Z session=d2e5942f op=trim   lun=0 lba=9485817 blocks=1 sha=cb8c0500584f3cdc
2026-05-17T12:14:45Z session=b39b8b13 op=write  lun=0 lba=9485934 blocks=1 sha=0b9ac817cf7583a3
2026-05-17T12:16:54Z session=1577f08b op=verify lun=0 lba=9485336 blocks=4 sha=d758df59a0f39377
2026-05-17T12:06:59Z session=bcf19aad op=write  lun=0 lba=9486102 blocks=2 sha=0999dfa7fd892c06
2026-05-17T12:20:56Z session=e990008e op=trim   lun=0 lba=9485991 blocks=4 sha=f7ebef9c38c7a420
2026-05-17T12:19:22Z session=30627cc8 op=read   lun=0 lba=9485837 blocks=8 sha=243c18a64f9a4f01
2026-05-17T12:17:11Z session=b1ac7767 op=verify lun=0 lba=9485642 blocks=2 sha=a4be882bd5bf32be
2026-05-17T12:05:51Z session=b10448b2 op=read   lun=0 lba=9485593 blocks=4 sha=dbc78d0adbe5ade5
2026-05-17T12:06:27Z session=cfe70122 op=flush  lun=0 lba=9485828 blocks=4 sha=df92819f5c74a4f8
2026-05-17T12:30:41Z session=a383216d op=flush  lun=0 lba=9485366 blocks=2 sha=201de658ef3b7ffb
2026-05-17T12:22:48Z session=115ebef6 op=trim   lun=0 lba=9486087 blocks=8 sha=63ae7bb7c67a00c0
2026-05-17T12:54:33Z session=c99190ef op=flush  lun=0 lba=9485498 blocks=1 sha=c12216cc084431d0
2026-05-17T12:47:57Z session=21cdef43 op=read   lun=0 lba=9485648 blocks=1 sha=800b9f19a82c7b2f
2026-05-17T12:12:57Z session=7ba891fa op=flush  lun=0 lba=9485966 blocks=2 sha=03b80f9b734b7791
2026-05-17T12:01:51Z session=0cc3c751 op=verify lun=0 lba=9486037 blocks=8 sha=25bd646d775c4bc8
2026-05-17T12:02:10Z session=6e70268f op=trim   lun=0 lba=9485314 blocks=2 sha=90543300a3d82691
2026-05-17T12:19:18Z session=d6bba94d op=read   lun=0 lba=9485741 blocks=1 sha=17bb856486fd24bd
2026-05-17T12:37:40Z session=ac19bdcc op=trim   lun=0 lba=9485295 blocks=2 sha=3554f71e425b1ec5
2026-05-17T12:22:51Z session=4e893c7d op=read   lun=0 lba=9486246 blocks=2 sha=30cad71e77e1ba42
2026-05-17T12:05:13Z session=df16cb70 op=verify lun=0 lba=9485191 blocks=4 sha=f45867dff04ff186
2026-05-17T12:12:46Z session=65bf013f op=trim   lun=0 lba=9485684 blocks=4 sha=fc0134ed5464ac8c
2026-05-17T12:14:17Z session=87be5650 op=flush  lun=0 lba=9485352 blocks=1 sha=ae59f10f905939aa
2026-05-17T12:39:23Z session=4ab625ec op=trim   lun=0 lba=9486250 blocks=4 sha=3673e69d2404c835
2026-05-17T12:52:24Z session=9568b852 op=write  lun=0 lba=9485442 blocks=8 sha=6deddb30dd019026
2026-05-17T12:30:38Z session=ce4d8024 op=verify lun=0 lba=9485537 blocks=8 sha=3a3175af57d374ca
2026-05-17T12:45:28Z session=0396dc7c op=flush  lun=0 lba=9485240 blocks=8 sha=ef3ec1d561c1728e
2026-05-17T12:21:27Z session=67a93e8a op=read   lun=0 lba=9485267 blocks=8 sha=1f074796b112a327
2026-05-17T12:04:42Z session=b027183c op=flush  lun=0 lba=9485674 blocks=8 sha=b617a772be1a7358
2026-05-17T12:36:15Z session=5499c577 op=read   lun=0 lba=9486021 blocks=8 sha=3d966062e7db7165
2026-05-17T12:25:23Z session=f994c1ff op=read   lun=0 lba=9486251 blocks=2 sha=73d4534a192bd04a
2026-05-17T12:27:51Z session=5fdf6df5 op=trim   lun=0 lba=9485357 blocks=8 sha=4d8a162c95bfc46a
2026-05-17T12:12:08Z session=d1f4d404 op=trim   lun=0 lba=9485875 blocks=1 sha=a6da25229cdf802d
2026-05-17T12:56:09Z session=aef903bb op=trim   lun=0 lba=9485584 blocks=8 sha=6ad92908f7970415
2026-05-17T12:10:42Z session=fb9ce665 op=write  lun=0 lba=9485567 blocks=1 sha=235279381d3bfa51
2026-05-17T12:36:19Z session=f36ba627 op=read   lun=0 lba=9485881 blocks=8 sha=6be3fccf38455db8
2026-05-17T12:19:09Z session=61c7129d op=flush  lun=0 lba=9485527 blocks=8 sha=3c4df864b9f62b5a
2026-05-17T12:19:50Z session=420bbdb9 op=flush  lun=0 lba=9485440 blocks=2 sha=24b76238d67e74db
2026-05-17T12:43:03Z session=95cec7bb op=trim   lun=0 lba=9485270 blocks=8 sha=0e8b11d0916f12ad
2026-05-17T12:38:45Z session=5e499bde op=read   lun=0 lba=9485244 blocks=4 sha=29506e160321c985
2026-05-17T12:01:49Z session=665fbb88 op=read   lun=0 lba=9485991 blocks=4 sha=5b4c1a6403890f23
2026-05-17T12:28:19Z session=c09b85c4 op=verify lun=0 lba=9486273 blocks=2 sha=d113768e7d783e74
2026-05-17T12:52:27Z session=01cac93f op=flush  lun=0 lba=9486298 blocks=4 sha=5b3136be4727ccb1
2026-05-17T12:23:20Z session=d0a22f2c op=read   lun=0 lba=9485685 blocks=4 sha=f174569b001eb61a
2026-05-17T12:08:13Z session=a023acb5 op=read   lun=0 lba=9485608 blocks=4 sha=ad93fd5d00e948f9
2026-05-17T12:12:27Z session=ea28ce65 op=trim   lun=0 lba=9485163 blocks=1 sha=c55c7d7d47ca256d
2026-05-17T12:33:17Z session=ecd11b86 op=trim   lun=0 lba=9486099 blocks=8 sha=1abe0cfdbeacd66c
2026-05-17T12:43:30Z session=e6d0d720 op=flush  lun=0 lba=9485587 blocks=2 sha=e68548dcec772a80
2026-05-17T12:06:17Z session=c5d68551 op=write  lun=0 lba=9485769 blocks=4 sha=5853af0369636023
2026-05-17T12:12:11Z session=8dbcde11 op=verify lun=0 lba=9485134 blocks=1 sha=72279e86b0b39e96
2026-05-17T12:28:48Z session=1cdf738f op=flush  lun=0 lba=9485967 blocks=1 sha=2b63f9fe97965fb1
2026-05-17T12:05:49Z session=5b669006 op=verify lun=0 lba=9485106 blocks=4 sha=9e70116e5ef1d552
2026-05-17T12:57:35Z session=c1ae25c6 op=trim   lun=0 lba=9485412 blocks=2 sha=65d921cccb534cb4
2026-05-17T12:00:58Z session=ff723796 op=verify lun=0 lba=9485154 blocks=2 sha=4da3c017c07e46b8
# recovery key follows -- keep offline
athena{n0t_th3_r34l_fl4g}
