#0 building with "orbstack" instance using docker driver

#1 [internal] load build definition from Dockerfile
#1 transferring dockerfile: 103B done
#1 DONE 0.0s

#2 [internal] load metadata for docker.io/library/alpine:latest
#2 DONE 0.0s

#3 [internal] load .dockerignore
#3 transferring context: 2B done
#3 DONE 0.0s

#4 [1/2] FROM docker.io/library/alpine:latest@sha256:28bd5fe8b56d1bd048e5babf5b10710ebe0bae67db86916198a6eec434943f8b
#4 resolve docker.io/library/alpine:latest@sha256:28bd5fe8b56d1bd048e5babf5b10710ebe0bae67db86916198a6eec434943f8b 0.0s done
#4 DONE 0.0s

#5 [2/2] RUN apk add --no-cache qemu-system-x86_64 cpio
#5 0.958 ( 1/51) Installing cpio (2.15-r0)
#5 0.991 ( 2/51) Installing qemu (11.0.1-r0)
#5 1.031   Executing qemu-11.0.1-r0.pre-install
#5 1.600   Executing qemu-11.0.1-r0.post-install
#5 1.602   * 
#5 1.602   * If you want to run VM as unprivileged user and let Qemu create tunX devices,
#5 1.602   * then you must add that user to the group "qemu".
#5 1.602   * If you use KVM for hardware-assisted virtualization, then you may also need
#5 1.602   * to add that user to the group "kvm".
#5 1.602   * 
#5 1.602 ( 3/51) Installing libcap-ng (0.8.5-r2)
#5 1.631 ( 4/51) Installing libffi (3.5.2-r1)
#5 1.659 ( 5/51) Installing libintl (1.0-r0)
#5 1.694 ( 6/51) Installing libeconf (0.8.3-r0)
#5 1.733 ( 7/51) Installing libblkid (2.42.1-r0)
#5 1.772 ( 8/51) Installing libmount (2.42.1-r0)
#5 1.815 ( 9/51) Installing pcre2 (10.47-r1)
#5 1.871 (10/51) Installing glib (2.88.1-r1)
#5 2.088 (11/51) Installing qemu-bridge-helper (11.0.1-r0)
#5 2.297 (12/51) Installing qemu-edk2-i386-vars (11.0.1-r0)
#5 2.487 (13/51) Installing libaio (0.3.113-r2)
#5 2.519 (14/51) Installing zstd-libs (1.5.7-r2)
#5 2.581 (15/51) Installing libelf (0.195-r0)
#5 2.615 (16/51) Installing libbpf (1.7.0-r1)
#5 2.661 (17/51) Installing capstone (5.0.9-r0)
#5 2.777 (18/51) Installing libbz2 (1.0.8-r6)
#5 2.808 (19/51) Installing musl-fts (1.2.7-r7)
#5 2.834 (20/51) Installing xz-libs (5.8.3-r0)
#5 2.874 (21/51) Installing libdw (0.195-r0)
#5 2.924 (22/51) Installing libfdt (1.7.2-r1)
#5 2.954 (23/51) Installing brotli-libs (1.2.0-r1)
#5 3.021 (24/51) Installing gmp (6.3.0-r4)
#5 3.070 (25/51) Installing nettle (3.10.2-r0)
#5 3.130 (26/51) Installing libunistring (1.4.2-r0)
#5 3.225 (27/51) Installing libidn2 (2.3.8-r0)
#5 3.264 (28/51) Installing libtasn1 (4.21.0-r0)
#5 3.295 (29/51) Installing p11-kit (0.26.2-r0)
#5 3.357 (30/51) Installing gnutls (3.8.13-r0)
#5 3.462 (31/51) Installing libjpeg-turbo (3.1.3-r0)
#5 3.510 (32/51) Installing lzo (2.10-r5)
#5 3.546 (33/51) Installing numactl (2.0.19-r0)
#5 3.576 (34/51) Installing pixman (0.46.4-r0)
#5 3.622 (35/51) Installing libpng (1.6.58-r1)
#5 3.660 (36/51) Installing gdbm (1.26-r0)
#5 3.692 (37/51) Installing libsasl (2.1.28-r9)
#5 3.728 (38/51) Installing libseccomp (2.6.0-r2)
#5 3.764 (39/51) Installing libslirp (4.9.1-r0)
#5 3.797 (40/51) Installing libgcc (15.2.0-r5)
#5 3.832 (41/51) Installing libstdc++ (15.2.0-r5)
#5 3.941 (42/51) Installing snappy (1.2.2-r0)
#5 3.972 (43/51) Installing liburing (2.14-r0)
#5 4.000 (44/51) Installing vde2-libs (2.3.3-r6)
#5 4.036 (45/51) Installing libcom_err (1.47.4-r0)
#5 4.068 (46/51) Installing e2fsprogs-libs (1.47.4-r0)
#5 4.114 (47/51) Installing libnl3 (3.11.0-r0)
#5 4.173 (48/51) Installing libuuid (2.42.1-r0)
#5 4.201 (49/51) Installing yajl (2.1.0-r9)
#5 4.232 (50/51) Installing xen-libs (4.21.1-r6)
#5 4.321 (51/51) Installing qemu-system-x86_64 (11.0.1-r0)
#5 6.654 Executing busybox-1.37.0-r31.trigger
#5 6.659 Executing glib-2.88.1-r1.trigger
#5 6.664 OK: 92.4 MiB in 67 packages
#5 DONE 6.8s

#6 exporting to image
#6 exporting layers
#6 exporting layers 1.1s done
#6 exporting manifest sha256:6ea6637d7d2315487229c3cf519662dff8bed0e5cf6e40418c4d6ed82a2982c4
#6 exporting manifest sha256:6ea6637d7d2315487229c3cf519662dff8bed0e5cf6e40418c4d6ed82a2982c4 done
#6 exporting config sha256:3c7077c2edad919fd9614485ee5c9a8e6012db6f3d815b06ef9013eeabaffb43 done
#6 exporting attestation manifest sha256:5a8243bbbc3955492d65709452c90bccf74c05f3b4edbb7e81b07e33078bb0d3 0.0s done
#6 exporting manifest list sha256:e874323408b186fc982f39faaa0addc81be2fe0cf502f711d40395b19ad48025 done
#6 naming to docker.io/library/iohrana-qemu:latest done
#6 unpacking to docker.io/library/iohrana-qemu:latest
#6 unpacking to docker.io/library/iohrana-qemu:latest 0.2s done
#6 DONE 1.3s
